2026-04-23 04:32:46 Loaded main app package /usr/lib/obsidian/obsidian.asar
2026-04-23 04:32:47 Checking for update using Github
2026-04-23 04:32:47 Success.
2026-04-23 04:32:47 Latest version is 1.12.7
2026-04-23 04:32:47 App is up to date.
2026-04-23 05:32:47 Checking for update using Github
2026-04-23 05:32:47 Success.
2026-04-23 05:32:47 Latest version is 1.12.7
2026-04-23 05:32:47 App is up to date.
2026-04-23 06:32:47 Checking for update using Github
2026-04-23 06:32:47 Success.
2026-04-23 06:32:47 Latest version is 1.12.7
2026-04-23 06:32:47 App is up to date.
2026-04-23 07:32:47 Checking for update using Github
2026-04-23 07:32:47 Success.
2026-04-23 07:32:47 Latest version is 1.12.7
2026-04-23 07:32:47 App is up to date.
2026-04-23 08:32:47 Checking for update using Github
2026-04-23 08:32:47 Success.
2026-04-23 08:32:47 Latest version is 1.12.7
2026-04-23 08:32:47 App is up to date.
2026-04-23 09:32:47 Checking for update using Github
2026-04-23 09:32:47 Success.
2026-04-23 09:32:47 Latest version is 1.12.7
2026-04-23 09:32:47 App is up to date.
